// Jest Snapshot v1, https://goo.gl/fbAQLP

exports[`HistoricalChart component should match snapshot 1`] = `
<div>
  <div
    class="w-[600px]"
  >
    <div
      class="bg-neutral-900 pt-1 font-tertiary laptop:pt-2.5"
    >
      <div
        class="z-10 flex gap-4 text-2xs text-neutral-4 font-medium text-[11px] tablet:text-xs leading-4 pt-2 laptop:pt-1.5 px-4"
      >
        <div
          class="flex gap-1"
        >
          <span
            class="text-neutral-4"
          >
            O
          </span>
          <div
            class="font-normal text-palePurple"
          />
        </div>
        <div
          class="flex gap-1"
        >
          <span
            class="text-neutral-4"
          >
            H
          </span>
          <div
            class="font-normal text-palePurple"
          />
        </div>
        <div
          class="flex gap-1"
        >
          <span
            class="text-neutral-4"
          >
            L
          </span>
          <div
            class="font-normal text-palePurple"
          />
        </div>
        <div
          class="flex gap-1"
        >
          <span
            class="text-neutral-4"
          >
            C
          </span>
          <div
            class="font-normal text-palePurple"
          />
        </div>
        <div
          class="flex gap-1"
        >
          <span
            class="text-neutral-4 hidden laptop:block"
          >
            Change
          </span>
          <div
            class="font-normal text-nebulaTeal"
          />
        </div>
      </div>
      <div
        class="relative h-[156px] w-full laptop:h-[184px]"
        data-testid="candlestick-chart"
      >
        <div
          class="tv-lightweight-charts"
          style="overflow: hidden; direction: ltr; width: 0px; height: 260px; user-select: none; webkit-user-select: none; -webkit-tap-highlight-color: transparent;"
        >
          <table
            cellspacing="0"
            style="height: 260px; width: 0px;"
          >
            <tr>
              <td
                style="padding: 0px;"
              />
              <td
                style="padding: 0px; position: relative; width: 0px; height: 260px;"
              >
                <div
                  style="width: 100%; height: 100%; position: relative; overflow: hidden;"
                >
                  <canvas
                    style="width: 0px; height: 260px; position: absolute; z-index: 1; left: 0px; top: 0px; border-bottom: 2px solid #334155;"
                  />
                  <canvas
                    style="width: 0px; height: 260px; position: absolute; z-index: 2; left: 0px; top: 0px;"
                  />
                </div>
              </td>
              <td
                style="padding: 0px;"
              >
                <div
                  style="height: 260px; overflow: hidden; width: 58px; left: 0px; position: relative;"
                >
                  <canvas
                    style="width: 58px; height: 260px; position: absolute; z-index: 1; left: 0px; top: 0px;"
                  />
                  <canvas
                    style="width: 58px; height: 260px; position: absolute; z-index: 2; left: 0px; top: 0px;"
                  />
                </div>
              </td>
            </tr>
            <tr
              style="display: none;"
            >
              <td
                style="padding: 0px;"
              />
              <td
                style="height: 25px; padding: 0px;"
              >
                <div
                  style="width: 100%; height: 100%; position: relative; overflow: hidden;"
                >
                  <canvas
                    style="width: 16px; height: 16px; position: absolute; z-index: 1; left: 0px; top: 0px;"
                  />
                  <canvas
                    style="width: 16px; height: 16px; position: absolute; z-index: 2; left: 0px; top: 0px;"
                  />
                </div>
              </td>
              <td
                style="padding: 0px;"
              >
                <div
                  style="width: 25px; height: 100%; overflow: hidden;"
                >
                  <canvas
                    style="width: 16px; height: 16px;"
                  />
                </div>
              </td>
            </tr>
          </table>
        </div>
      </div>
      <div
        class="z-10 flex gap-4 text-2xs text-neutral-4 font-medium text-[11px] tablet:text-xs leading-4 pt-2 laptop:pt-1.5 px-4"
      >
        <div>
          <span>
            Vol(WFIL DEC22)
            :
          </span>
        </div>
        <div>
          <span>
            Vol(USDT):
          </span>
        </div>
      </div>
      <div
        class="relative h-[92px] w-full laptop:h-[115px]"
        data-testid="volume-chart"
      >
        <div
          class="tv-lightweight-charts"
          style="overflow: hidden; direction: ltr; width: 0px; height: 170px; user-select: none; webkit-user-select: none; -webkit-tap-highlight-color: transparent;"
        >
          <table
            cellspacing="0"
            style="height: 170px; width: 0px;"
          >
            <tr>
              <td
                style="padding: 0px;"
              />
              <td
                style="padding: 0px; position: relative; width: 0px; height: 142px;"
              >
                <div
                  style="width: 100%; height: 100%; position: relative; overflow: hidden;"
                >
                  <canvas
                    style="width: 0px; height: 142px; position: absolute; z-index: 1; left: 0px; top: 0px;"
                  />
                  <canvas
                    style="width: 0px; height: 142px; position: absolute; z-index: 2; left: 0px; top: 0px;"
                  />
                </div>
              </td>
              <td
                style="padding: 0px;"
              >
                <div
                  style="height: 142px; overflow: hidden; width: 58px; left: 0px; position: relative;"
                >
                  <canvas
                    style="width: 58px; height: 142px; position: absolute; z-index: 1; left: 0px; top: 0px;"
                  />
                  <canvas
                    style="width: 58px; height: 142px; position: absolute; z-index: 2; left: 0px; top: 0px;"
                  />
                </div>
              </td>
            </tr>
            <tr>
              <td
                style="padding: 0px;"
              />
              <td
                style="height: 28px; padding: 0px; width: 0px;"
              >
                <div
                  style="width: 100%; height: 100%; position: relative; overflow: hidden;"
                >
                  <canvas
                    style="width: 0px; height: 28px; position: absolute; z-index: 1; left: 0px; top: 0px;"
                  />
                  <canvas
                    style="width: 0px; height: 28px; position: absolute; z-index: 2; left: 0px; top: 0px;"
                  />
                </div>
              </td>
              <td
                style="padding: 0px;"
              >
                <div
                  style="width: 58px; height: 28px; overflow: hidden;"
                >
                  <canvas
                    height="28"
                    style="width: 58px; height: 28px;"
                    width="58"
                  />
                </div>
              </td>
            </tr>
          </table>
        </div>
      </div>
    </div>
  </div>
</div>
`;
